// Jest Snapshot v1, https://goo.gl/fbAQLP

exports[`snapshot testing 1`] = `
<div>
  <h1>
    Callback component
  </h1>
  <h1>
    Loading...
  </h1>
</div>
`;
